Archive member included to satisfy reference by file (symbol)

d:/programas/stm23cubeide/install/stm32cubeide_1.10.1/stm32cubeide/plugins/com.st.stm32cube.ide.mcu.externaltools.gnu-tools-for-stm32.10.3-2021.10.win32_1.0.0.202111181127/tools/bin/../lib/gcc/arm-none-eabi/10.3.1/../../../../arm-none-eabi/lib/thumb/v7e-m+fp/hard\libc_nano.a(lib_a-errno.o)
                              ./Core/Src/syscalls.o (__errno)
d:/programas/stm23cubeide/install/stm32cubeide_1.10.1/stm32cubeide/plugins/com.st.stm32cube.ide.mcu.externaltools.gnu-tools-for-stm32.10.3-2021.10.win32_1.0.0.202111181127/tools/bin/../lib/gcc/arm-none-eabi/10.3.1/../../../../arm-none-eabi/lib/thumb/v7e-m+fp/hard\libc_nano.a(lib_a-exit.o)
                              d:/programas/stm23cubeide/install/stm32cubeide_1.10.1/stm32cubeide/plugins/com.st.stm32cube.ide.mcu.externaltools.gnu-tools-for-stm32.10.3-2021.10.win32_1.0.0.202111181127/tools/bin/../lib/gcc/arm-none-eabi/10.3.1/../../../../arm-none-eabi/lib/thumb/v7e-m+fp/hard/crt0.o (exit)
d:/programas/stm23cubeide/install/stm32cubeide_1.10.1/stm32cubeide/plugins/com.st.stm32cube.ide.mcu.externaltools.gnu-tools-for-stm32.10.3-2021.10.win32_1.0.0.202111181127/tools/bin/../lib/gcc/arm-none-eabi/10.3.1/../../../../arm-none-eabi/lib/thumb/v7e-m+fp/hard\libc_nano.a(lib_a-impure.o)
                              d:/programas/stm23cubeide/install/stm32cubeide_1.10.1/stm32cubeide/plugins/com.st.stm32cube.ide.mcu.externaltools.gnu-tools-for-stm32.10.3-2021.10.win32_1.0.0.202111181127/tools/bin/../lib/gcc/arm-none-eabi/10.3.1/../../../../arm-none-eabi/lib/thumb/v7e-m+fp/hard\libc_nano.a(lib_a-exit.o) (_global_impure_ptr)
d:/programas/stm23cubeide/install/stm32cubeide_1.10.1/stm32cubeide/plugins/com.st.stm32cube.ide.mcu.externaltools.gnu-tools-for-stm32.10.3-2021.10.win32_1.0.0.202111181127/tools/bin/../lib/gcc/arm-none-eabi/10.3.1/../../../../arm-none-eabi/lib/thumb/v7e-m+fp/hard\libc_nano.a(lib_a-init.o)
                              d:/programas/stm23cubeide/install/stm32cubeide_1.10.1/stm32cubeide/plugins/com.st.stm32cube.ide.mcu.externaltools.gnu-tools-for-stm32.10.3-2021.10.win32_1.0.0.202111181127/tools/bin/../lib/gcc/arm-none-eabi/10.3.1/../../../../arm-none-eabi/lib/thumb/v7e-m+fp/hard/crt0.o (__libc_init_array)
d:/programas/stm23cubeide/install/stm32cubeide_1.10.1/stm32cubeide/plugins/com.st.stm32cube.ide.mcu.externaltools.gnu-tools-for-stm32.10.3-2021.10.win32_1.0.0.202111181127/tools/bin/../lib/gcc/arm-none-eabi/10.3.1/../../../../arm-none-eabi/lib/thumb/v7e-m+fp/hard\libc_nano.a(lib_a-memset.o)
                              d:/programas/stm23cubeide/install/stm32cubeide_1.10.1/stm32cubeide/plugins/com.st.stm32cube.ide.mcu.externaltools.gnu-tools-for-stm32.10.3-2021.10.win32_1.0.0.202111181127/tools/bin/../lib/gcc/arm-none-eabi/10.3.1/../../../../arm-none-eabi/lib/thumb/v7e-m+fp/hard/crt0.o (memset)
d:/programas/stm23cubeide/install/stm32cubeide_1.10.1/stm32cubeide/plugins/com.st.stm32cube.ide.mcu.externaltools.gnu-tools-for-stm32.10.3-2021.10.win32_1.0.0.202111181127/tools/bin/../lib/gcc/arm-none-eabi/10.3.1/thumb/v7e-m+fp/hard\libgcc.a(_aeabi_uldivmod.o)
                              ./Drivers/STM32F4xx_HAL_Driver/Src/stm32f4xx_hal_rcc.o (__aeabi_uldivmod)
d:/programas/stm23cubeide/install/stm32cubeide_1.10.1/stm32cubeide/plugins/com.st.stm32cube.ide.mcu.externaltools.gnu-tools-for-stm32.10.3-2021.10.win32_1.0.0.202111181127/tools/bin/../lib/gcc/arm-none-eabi/10.3.1/thumb/v7e-m+fp/hard\libgcc.a(_udivmoddi4.o)
                              d:/programas/stm23cubeide/install/stm32cubeide_1.10.1/stm32cubeide/plugins/com.st.stm32cube.ide.mcu.externaltools.gnu-tools-for-stm32.10.3-2021.10.win32_1.0.0.202111181127/tools/bin/../lib/gcc/arm-none-eabi/10.3.1/thumb/v7e-m+fp/hard\libgcc.a(_aeabi_uldivmod.o) (__udivmoddi4)
d:/programas/stm23cubeide/install/stm32cubeide_1.10.1/stm32cubeide/plugins/com.st.stm32cube.ide.mcu.externaltools.gnu-tools-for-stm32.10.3-2021.10.win32_1.0.0.202111181127/tools/bin/../lib/gcc/arm-none-eabi/10.3.1/thumb/v7e-m+fp/hard\libgcc.a(_dvmd_tls.o)
                              d:/programas/stm23cubeide/install/stm32cubeide_1.10.1/stm32cubeide/plugins/com.st.stm32cube.ide.mcu.externaltools.gnu-tools-for-stm32.10.3-2021.10.win32_1.0.0.202111181127/tools/bin/../lib/gcc/arm-none-eabi/10.3.1/thumb/v7e-m+fp/hard\libgcc.a(_aeabi_uldivmod.o) (__aeabi_ldiv0)

Discarded input sections

 .text          0x0000000000000000        0x0 d:/programas/stm23cubeide/install/stm32cubeide_1.10.1/stm32cubeide/plugins/com.st.stm32cube.ide.mcu.externaltools.gnu-tools-for-stm32.10.3-2021.10.win32_1.0.0.202111181127/tools/bin/../lib/gcc/arm-none-eabi/10.3.1/thumb/v7e-m+fp/hard/crti.o
 .data          0x0000000000000000        0x0 d:/programas/stm23cubeide/install/stm32cubeide_1.10.1/stm32cubeide/plugins/com.st.stm32cube.ide.mcu.externaltools.gnu-tools-for-stm32.10.3-2021.10.win32_1.0.0.202111181127/tools/bin/../lib/gcc/arm-none-eabi/10.3.1/thumb/v7e-m+fp/hard/crti.o
[...]
Memory Configuration

Name             Origin             Length             Attributes
RAM              0x0000000020000000 0x0000000000020000 xrw
FLASH            0x0000000008000000 0x0000000000080000 xr
*default*        0x0000000000000000 0xffffffffffffffff

Linker script and memory map

LOAD d:/programas/stm23cubeide/install/stm32cubeide_1.10.1/stm32cubeide/plugins/com.st.stm32cube.ide.mcu.externaltools.gnu-tools-for-stm32.10.3-2021.10.win32_1.0.0.202111181127/tools/bin/../lib/gcc/arm-none-eabi/10.3.1/thumb/v7e-m+fp/hard/crti.o
LOAD d:/programas/stm23cubeide/install/stm32cubeide_1.10.1/stm32cubeide/plugins/com.st.stm32cube.ide.mcu.externaltools.gnu-tools-for-stm32.10.3-2021.10.win32_1.0.0.202111181127/tools/bin/../lib/gcc/arm-none-eabi/10.3.1/thumb/v7e-m+fp/hard/crtbegin.o
LOAD d:/programas/stm23cubeide/install/stm32cubeide_1.10.1/stm32cubeide/plugins/com.st.stm32cube.ide.mcu.externaltools.gnu-tools-for-stm32.10.3-2021.10.win32_1.0.0.202111181127/tools/bin/../lib/gcc/arm-none-eabi/10.3.1/../../../../arm-none-eabi/lib/thumb/v7e-m+fp/hard/crt0.o
LOAD ./Core/Src/main.o
LOAD ./Core/Src/stm32f4xx_hal_msp.o
LOAD ./Core/Src/stm32f4xx_it.o
LOAD ./Core/Src/syscalls.o
LOAD ./Core/Src/sysmem.o
LOAD ./Core/Src/system_stm32f4xx.o
LOAD ./Core/Startup/startup_stm32f411vetx.o
LOAD ./Drivers/STM32F4xx_HAL_Driver/Src/stm32f4xx_hal.o
LOAD ./Drivers/STM32F4xx_HAL_Driver/Src/stm32f4xx_hal_adc.o
LOAD ./Drivers/STM32F4xx_HAL_Driver/Src/stm32f4xx_hal_adc_ex.o
LOAD ./Drivers/STM32F4xx_HAL_Driver/Src/stm32f4xx_hal_cortex.o
LOAD ./Drivers/STM32F4xx_HAL_Driver/Src/stm32f4xx_hal_dma.o
LOAD ./Drivers/STM32F4xx_HAL_Driver/Src/stm32f4xx_hal_dma_ex.o
LOAD ./Drivers/STM32F4xx_HAL_Driver/Src/stm32f4xx_hal_exti.o
LOAD ./Drivers/STM32F4xx_HAL_Driver/Src/stm32f4xx_hal_flash.o
LOAD ./Drivers/STM32F4xx_HAL_Driver/Src/stm32f4xx_hal_flash_ex.o
LOAD ./Drivers/STM32F4xx_HAL_Driver/Src/stm32f4xx_hal_flash_ramfunc.o
LOAD ./Drivers/STM32F4xx_HAL_Driver/Src/stm32f4xx_hal_gpio.o
LOAD ./Drivers/STM32F4xx_HAL_Driver/Src/stm32f4xx_hal_pwr.o
LOAD ./Drivers/STM32F4xx_HAL_Driver/Src/stm32f4xx_hal_pwr_ex.o
LOAD ./Drivers/STM32F4xx_HAL_Driver/Src/stm32f4xx_hal_rcc.o
LOAD ./Drivers/STM32F4xx_HAL_Driver/Src/stm32f4xx_hal_rcc_ex.o
LOAD ./Drivers/STM32F4xx_HAL_Driver/Src/stm32f4xx_hal_tim.o
LOAD ./Drivers/STM32F4xx_HAL_Driver/Src/stm32f4xx_hal_tim_ex.o
LOAD ./Drivers/STM32F4xx_HAL_Driver/Src/stm32f4xx_ll_adc.o
START GROUP
LOAD d:/programas/stm23cubeide/install/stm32cubeide_1.10.1/stm32cubeide/plugins/com.st.stm32cube.ide.mcu.externaltools.gnu-tools-for-stm32.10.3-2021.10.win32_1.0.0.202111181127/tools/bin/../lib/gcc/arm-none-eabi/10.3.1/../../../../arm-none-eabi/lib/thumb/v7e-m+fp/hard\libc_nano.a
LOAD d:/programas/stm23cubeide/install/stm32cubeide_1.10.1/stm32cubeide/plugins/com.st.stm32cube.ide.mcu.externaltools.gnu-tools-for-stm32.10.3-2021.10.win32_1.0.0.202111181127/tools/bin/../lib/gcc/arm-none-eabi/10.3.1/../../../../arm-none-eabi/lib/thumb/v7e-m+fp/hard\libm.a
END GROUP
START GROUP
LOAD d:/programas/stm23cubeide/install/stm32cubeide_1.10.1/stm32cubeide/plugins/com.st.stm32cube.ide.mcu.externaltools.gnu-tools-for-stm32.10.3-2021.10.win32_1.0.0.202111181127/tools/bin/../lib/gcc/arm-none-eabi/10.3.1/thumb/v7e-m+fp/hard\libgcc.a
LOAD d:/programas/stm23cubeide/install/stm32cubeide_1.10.1/stm32cubeide/plugins/com.st.stm32cube.ide.mcu.externaltools.gnu-tools-for-stm32.10.3-2021.10.win32_1.0.0.202111181127/tools/bin/../lib/gcc/arm-none-eabi/10.3.1/../../../../arm-none-eabi/lib/thumb/v7e-m+fp/hard\libc_nano.a
END GROUP
START GROUP
LOAD d:/programas/stm23cubeide/install/stm32cubeide_1.10.1/stm32cubeide/plugins/com.st.stm32cube.ide.mcu.externaltools.gnu-tools-for-stm32.10.3-2021.10.win32_1.0.0.202111181127/tools/bin/../lib/gcc/arm-none-eabi/10.3.1/thumb/v7e-m+fp/hard\libgcc.a
LOAD d:/programas/stm23cubeide/install/stm32cubeide_1.10.1/stm32cubeide/plugins/com.st.stm32cube.ide.mcu.externaltools.gnu-tools-for-stm32.10.3-2021.10.win32_1.0.0.202111181127/tools/bin/../lib/gcc/arm-none-eabi/10.3.1/../../../../arm-none-eabi/lib/thumb/v7e-m+fp/hard\libc_nano.a
LOAD d:/programas/stm23cubeide/install/stm32cubeide_1.10.1/stm32cubeide/plugins/com.st.stm32cube.ide.mcu.externaltools.gnu-tools-for-stm32.10.3-2021.10.win32_1.0.0.202111181127/tools/bin/../lib/gcc/arm-none-eabi/10.3.1/../../../../arm-none-eabi/lib/thumb/v7e-m+fp/hard\libnosys.a
END GROUP
START GROUP
LOAD d:/programas/stm23cubeide/install/stm32cubeide_1.10.1/stm32cubeide/plugins/com.st.stm32cube.ide.mcu.externaltools.gnu-tools-for-stm32.10.3-2021.10.win32_1.0.0.202111181127/tools/bin/../lib/gcc/arm-none-eabi/10.3.1/thumb/v7e-m+fp/hard\libgcc.a
LOAD d:/programas/stm23cubeide/install/stm32cubeide_1.10.1/stm32cubeide/plugins/com.st.stm32cube.ide.mcu.externaltools.gnu-tools-for-stm32.10.3-2021.10.win32_1.0.0.202111181127/tools/bin/../lib/gcc/arm-none-eabi/10.3.1/../../../../arm-none-eabi/lib/thumb/v7e-m+fp/hard\libc_nano.a
LOAD d:/programas/stm23cubeide/install/stm32cubeide_1.10.1/stm32cubeide/plugins/com.st.stm32cube.ide.mcu.externaltools.gnu-tools-for-stm32.10.3-2021.10.win32_1.0.0.202111181127/tools/bin/../lib/gcc/arm-none-eabi/10.3.1/../../../../arm-none-eabi/lib/thumb/v7e-m+fp/hard\libnosys.a
END GROUP
LOAD d:/programas/stm23cubeide/install/stm32cubeide_1.10.1/stm32cubeide/plugins/com.st.stm32cube.ide.mcu.externaltools.gnu-tools-for-stm32.10.3-2021.10.win32_1.0.0.202111181127/tools/bin/../lib/gcc/arm-none-eabi/10.3.1/thumb/v7e-m+fp/hard/crtend.o
LOAD d:/programas/stm23cubeide/install/stm32cubeide_1.10.1/stm32cubeide/plugins/com.st.stm32cube.ide.mcu.externaltools.gnu-tools-for-stm32.10.3-2021.10.win32_1.0.0.202111181127/tools/bin/../lib/gcc/arm-none-eabi/10.3.1/thumb/v7e-m+fp/hard/crtn.o
                0x0000000020020000                _estack = (ORIGIN (RAM) + LENGTH (RAM))
                0x0000000000000200                _Min_Heap_Size = 0x200
                0x0000000000000400                _Min_Stack_Size = 0x400

.isr_vector     0x0000000008000000      0x198
                0x0000000008000000                . = ALIGN (0x4)
 *(.isr_vector)
 .isr_vector    0x0000000008000000      0x198 ./Core/Startup/startup_stm32f411vetx.o
                0x0000000008000000                g_pfnVectors
                0x0000000008000198                . = ALIGN (0x4)

.text           0x0000000008000198     0x2d7c
                0x0000000008000198                . = ALIGN (0x4)
 *(.text)
 .text          0x0000000008000198       0x40 d:/programas/stm23cubeide/install/stm32cubeide_1.10.1/stm32cubeide/plugins/com.st.stm32cube.ide.mcu.externaltools.gnu-tools-for-stm32.10.3-2021.10.win32_1.0.0.202111181127/tools/bin/../lib/gcc/arm-none-eabi/10.3.1/thumb/v7e-m+fp/hard/crtbegin.o
 .text          0x00000000080001d8       0x30 d:/programas/stm23cubeide/install/stm32cubeide_1.10.1/stm32cubeide/plugins/com.st.stm32cube.ide.mcu.externaltools.gnu-tools-for-stm32.10.3-2021.10.win32_1.0.0.202111181127/tools/bin/../lib/gcc/arm-none-eabi/10.3.1/thumb/v7e-m+fp/hard\libgcc.a(_aeabi_uldivmod.o)
                0x00000000080001d8                __aeabi_uldivmod
 .text          0x0000000008000208      0x2d0 d:/programas/stm23cubeide/install/stm32cubeide_1.10.1/stm32cubeide/plugins/com.st.stm32cube.ide.mcu.externaltools.gnu-tools-for-stm32.10.3-2021.10.win32_1.0.0.202111181127/tools/bin/../lib/gcc/arm-none-eabi/10.3.1/thumb/v7e-m+fp/hard\libgcc.a(_udivmoddi4.o)
                0x0000000008000208                __udivmoddi4
 .text          0x00000000080004d8        0x4 d:/programas/stm23cubeide/install/stm32cubeide_1.10.1/stm32cubeide/plugins/com.st.stm32cube.ide.mcu.externaltools.gnu-tools-for-stm32.10.3-2021.10.win32_1.0.0.202111181127/tools/bin/../lib/gcc/arm-none-eabi/10.3.1/thumb/v7e-m+fp/hard\libgcc.a(_dvmd_tls.o)
                0x00000000080004d8                __aeabi_idiv0
                0x00000000080004d8                __aeabi_ldiv0
 *(.text*)
 .text.main     0x00000000080004dc       0x8c ./Core/Src/main.o
                0x00000000080004dc                main
 .text.SystemClock_Config
                0x0000000008000568       0xd4 ./Core/Src/main.o
                0x0000000008000568                SystemClock_Config
 .text.MX_ADC1_Init
                0x000000000800063c       0xa4 ./Core/Src/main.o
 .text.MX_TIM4_Init
                0x00000000080006e0       0xe0 ./Core/Src/main.o
 .text.MX_GPIO_Init
                0x00000000080007c0       0xd8 ./Core/Src/main.o
 .text.Led_Init
                0x0000000008000898       0x24 ./Core/Src/main.o
                0x0000000008000898                Led_Init
 .text.ControlManual
                0x00000000080008bc        0xe ./Core/Src/main.o
                0x00000000080008bc                ControlManual
 *fill*         0x00000000080008ca        0x2 
 .text.ControlAutomatico_Humedad
                0x00000000080008cc       0x38 ./Core/Src/main.o
                0x00000000080008cc                ControlAutomatico_Humedad
 .text.ControlAutomatico_Tiempo
                0x0000000008000904        0xe ./Core/Src/main.o
                0x0000000008000904                ControlAutomatico_Tiempo
 *fill*         0x0000000008000912        0x2 
 .text.sensorHumedad
                0x0000000008000914       0x80 ./Core/Src/main.o
                0x0000000008000914                sensorHumedad
 .text.AbrirValvula
                0x0000000008000994       0x18 ./Core/Src/main.o
                0x0000000008000994                AbrirValvula
 .text.CerrarValvula
                0x00000000080009ac       0x18 ./Core/Src/main.o
                0x00000000080009ac                CerrarValvula
 .text.HAL_GPIO_EXTI_Callback
                0x00000000080009c4       0x5c ./Core/Src/main.o
                0x00000000080009c4                HAL_GPIO_EXTI_Callback
 .text.LED_ON_OFF
                0x0000000008000a20      0x17c ./Core/Src/main.o
                0x0000000008000a20                LED_ON_OFF
 .text.WriteRGB
                0x0000000008000b9c       0x48 ./Core/Src/main.o
                0x0000000008000b9c                WriteRGB
 .text.Error_Handler
                0x0000000008000be4        0xa ./Core/Src/main.o
                0x0000000008000be4                Error_Handler
 *fill*         0x0000000008000bee        0x2 
 .text.HAL_MspInit
                0x0000000008000bf0       0x50 ./Core/Src/stm32f4xx_hal_msp.o
                0x0000000008000bf0                HAL_MspInit
 .text.HAL_ADC_MspInit
                0x0000000008000c40       0x88 ./Core/Src/stm32f4xx_hal_msp.o
                0x0000000008000c40                HAL_ADC_MspInit
 .text.HAL_TIM_PWM_MspInit
                0x0000000008000cc8       0x44 ./Core/Src/stm32f4xx_hal_msp.o
                0x0000000008000cc8                HAL_TIM_PWM_MspInit
 .text.HAL_TIM_MspPostInit
                0x0000000008000d0c       0x74 ./Core/Src/stm32f4xx_hal_msp.o
                0x0000000008000d0c                HAL_TIM_MspPostInit
 .text.NMI_Handler
                0x0000000008000d80        0x6 ./Core/Src/stm32f4xx_it.o
                0x0000000008000d80                NMI_Handler
 .text.HardFault_Handler
                0x0000000008000d86        0x6 ./Core/Src/stm32f4xx_it.o
                0x0000000008000d86                HardFault_Handler
 .text.MemManage_Handler
                0x0000000008000d8c        0x6 ./Core/Src/stm32f4xx_it.o
                0x0000000008000d8c                MemManage_Handler
 .text.BusFault_Handler
                0x0000000008000d92        0x6 ./Core/Src/stm32f4xx_it.o
                0x0000000008000d92                BusFault_Handler
 .text.UsageFault_Handler
                0x0000000008000d98        0x6 ./Core/Src/stm32f4xx_it.o
                0x0000000008000d98                UsageFault_Handler
 .text.SVC_Handler
                0x0000000008000d9e        0xe ./Core/Src/stm32f4xx_it.o
                0x0000000008000d9e                SVC_Handler
 .text.DebugMon_Handler
                0x0000000008000dac        0xe ./Core/Src/stm32f4xx_it.o
                0x0000000008000dac                DebugMon_Handler
 .text.PendSV_Handler
                0x0000000008000dba        0xe ./Core/Src/stm32f4xx_it.o
                0x0000000008000dba                PendSV_Handler
 .text.SysTick_Handler
                0x0000000008000dc8        0xc ./Core/Src/stm32f4xx_it.o
                0x0000000008000dc8                SysTick_Handler
 .text.EXTI0_IRQHandler
                0x0000000008000dd4        0xe ./Core/Src/stm32f4xx_it.o
                0x0000000008000dd4                EXTI0_IRQHandler
 .text.EXTI2_IRQHandler
                0x0000000008000de2        0xe ./Core/Src/stm32f4xx_it.o
                0x0000000008000de2                EXTI2_IRQHandler
 .text.EXTI3_IRQHandler
                0x0000000008000df0        0xe ./Core/Src/stm32f4xx_it.o
                0x0000000008000df0                EXTI3_IRQHandler
 *fill*         0x0000000008000dfe        0x2 
 .text.SystemInit
                0x0000000008000e00       0x24 ./Core/Src/system_stm32f4xx.o
                0x0000000008000e00                SystemInit
 .text.Reset_Handler
                0x0000000008000e24       0x50 ./Core/Startup/startup_stm32f411vetx.o
                0x0000000008000e24                Reset_Handler
 .text.Default_Handler
                0x0000000008000e74        0x2 ./Core/Startup/startup_stm32f411vetx.o
                0x0000000008000e74                RTC_Alarm_IRQHandler
                0x0000000008000e74                SPI4_IRQHandler
                0x0000000008000e74                TIM1_CC_IRQHandler
                0x0000000008000e74                DMA2_Stream5_IRQHandler
                0x0000000008000e74                DMA1_Stream5_IRQHandler
                0x0000000008000e74                PVD_IRQHandler
                0x0000000008000e74                SDIO_IRQHandler
                0x0000000008000e74                TAMP_STAMP_IRQHandler
                0x0000000008000e74                TIM1_UP_TIM10_IRQHandler
                0x0000000008000e74                I2C3_ER_IRQHandler
                0x0000000008000e74                I2C2_EV_IRQHandler
                0x0000000008000e74                DMA1_Stream2_IRQHandler
                0x0000000008000e74                FPU_IRQHandler
                0x0000000008000e74                DMA2_Stream2_IRQHandler
                0x0000000008000e74                SPI1_IRQHandler
                0x0000000008000e74                TIM1_BRK_TIM9_IRQHandler
                0x0000000008000e74                DMA2_Stream3_IRQHandler
                0x0000000008000e74                USART6_IRQHandler
                0x0000000008000e74                DMA2_Stream0_IRQHandler
                0x0000000008000e74                TIM4_IRQHandler
                0x0000000008000e74                I2C1_EV_IRQHandler
                0x0000000008000e74                DMA1_Stream6_IRQHandler
                0x0000000008000e74                DMA1_Stream1_IRQHandler
                0x0000000008000e74                TIM3_IRQHandler
                0x0000000008000e74                RCC_IRQHandler
                0x0000000008000e74                Default_Handler
                0x0000000008000e74                EXTI15_10_IRQHandler
                0x0000000008000e74                ADC_IRQHandler
                0x0000000008000e74                DMA1_Stream7_IRQHandler
                0x0000000008000e74                SPI5_IRQHandler
                0x0000000008000e74                TIM5_IRQHandler
                0x0000000008000e74                DMA2_Stream7_IRQHandler
                0x0000000008000e74                I2C3_EV_IRQHandler
                0x0000000008000e74                EXTI9_5_IRQHandler
                0x0000000008000e74                RTC_WKUP_IRQHandler
                0x0000000008000e74                SPI2_IRQHandler
                0x0000000008000e74                DMA1_Stream0_IRQHandler
                0x0000000008000e74                EXTI4_IRQHandler
                0x0000000008000e74                WWDG_IRQHandler
                0x0000000008000e74                TIM2_IRQHandler
                0x0000000008000e74                OTG_FS_WKUP_IRQHandler
                0x0000000008000e74                TIM1_TRG_COM_TIM11_IRQHandler
                0x0000000008000e74                EXTI1_IRQHandler
                0x0000000008000e74                USART2_IRQHandler
                0x0000000008000e74                I2C2_ER_IRQHandler
                0x0000000008000e74                DMA2_Stream1_IRQHandler
                0x0000000008000e74                FLASH_IRQHandler
                0x0000000008000e74                DMA2_Stream4_IRQHandler
                0x0000000008000e74                USART1_IRQHandler
                0x0000000008000e74                OTG_FS_IRQHandler
                0x0000000008000e74                SPI3_IRQHandler
                0x0000000008000e74                DMA1_Stream4_IRQHandler
                0x0000000008000e74                I2C1_ER_IRQHandler
                0x0000000008000e74                DMA2_Stream6_IRQHandler
                0x0000000008000e74                DMA1_Stream3_IRQHandler
 *fill*         0x0000000008000e76        0x2 
 .text.HAL_Init
                0x0000000008000e78       0x44 ./Drivers/STM32F4xx_HAL_Driver/Src/stm32f4xx_hal.o
                0x0000000008000e78                HAL_Init
 .text.HAL_InitTick
                0x0000000008000ebc       0x60 ./Drivers/STM32F4xx_HAL_Driver/Src/stm32f4xx_hal.o
                0x0000000008000ebc                HAL_InitTick
 .text.HAL_IncTick
                0x0000000008000f1c       0x28 ./Drivers/STM32F4xx_HAL_Driver/Src/stm32f4xx_hal.o
                0x0000000008000f1c                HAL_IncTick
 .text.HAL_GetTick
                0x0000000008000f44       0x18 ./Drivers/STM32F4xx_HAL_Driver/Src/stm32f4xx_hal.o
                0x0000000008000f44                HAL_GetTick
 .text.HAL_Delay
                0x0000000008000f5c       0x48 ./Drivers/STM32F4xx_HAL_Driver/Src/stm32f4xx_hal.o
                0x0000000008000f5c                HAL_Delay
 .text.HAL_ADC_Init
                0x0000000008000fa4       0x86 ./Drivers/STM32F4xx_HAL_Driver/Src/stm32f4xx_hal_adc.o
                0x0000000008000fa4                HAL_ADC_Init
 *fill*         0x000000000800102a        0x2 
 .text.HAL_ADC_Start
                0x000000000800102c      0x168 ./Drivers/STM32F4xx_HAL_Driver/Src/stm32f4xx_hal_adc.o
                0x000000000800102c                HAL_ADC_Start
 .text.HAL_ADC_Stop
                0x0000000008001194       0x66 ./Drivers/STM32F4xx_HAL_Driver/Src/stm32f4xx_hal_adc.o
                0x0000000008001194                HAL_ADC_Stop
 .text.HAL_ADC_PollForConversion
                0x00000000080011fa      0x116 ./Drivers/STM32F4xx_HAL_Driver/Src/stm32f4xx_hal_adc.o
                0x00000000080011fa                HAL_ADC_PollForConversion
 .text.HAL_ADC_GetValue
                0x0000000008001310       0x1a ./Drivers/STM32F4xx_HAL_Driver/Src/stm32f4xx_hal_adc.o
                0x0000000008001310                HAL_ADC_GetValue
 *fill*         0x000000000800132a        0x2 
 .text.HAL_ADC_ConfigChannel
                0x000000000800132c      0x264 ./Drivers/STM32F4xx_HAL_Driver/Src/stm32f4xx_hal_adc.o
                0x000000000800132c                HAL_ADC_ConfigChannel
 .text.ADC_Init
                0x0000000008001590      0x1f8 ./Drivers/STM32F4xx_HAL_Driver/Src/stm32f4xx_hal_adc.o
 .text.__NVIC_SetPriorityGrouping
                0x0000000008001788       0x48 ./Drivers/STM32F4xx_HAL_Driver/Src/stm32f4xx_hal_cortex.o
 .text.__NVIC_GetPriorityGrouping
                0x00000000080017d0       0x1c ./Drivers/STM32F4xx_HAL_Driver/Src/stm32f4xx_hal_cortex.o
 .text.__NVIC_EnableIRQ
                0x00000000080017ec       0x3c ./Drivers/STM32F4xx_HAL_Driver/Src/stm32f4xx_hal_cortex.o
 .text.__NVIC_SetPriority
                0x0000000008001828       0x54 ./Drivers/STM32F4xx_HAL_Driver/Src/stm32f4xx_hal_cortex.o
 .text.NVIC_EncodePriority
                0x000000000800187c       0x66 ./Drivers/STM32F4xx_HAL_Driver/Src/stm32f4xx_hal_cortex.o
 *fill*         0x00000000080018e2        0x2 
 .text.SysTick_Config
                0x00000000080018e4       0x44 ./Drivers/STM32F4xx_HAL_Driver/Src/stm32f4xx_hal_cortex.o
 .text.HAL_NVIC_SetPriorityGrouping
                0x0000000008001928       0x16 ./Drivers/STM32F4xx_HAL_Driver/Src/stm32f4xx_hal_cortex.o
                0x0000000008001928                HAL_NVIC_SetPriorityGrouping
 .text.HAL_NVIC_SetPriority
                0x000000000800193e       0x38 ./Drivers/STM32F4xx_HAL_Driver/Src/stm32f4xx_hal_cortex.o
                0x000000000800193e                HAL_NVIC_SetPriority
 .text.HAL_NVIC_EnableIRQ
                0x0000000008001976       0x1c ./Drivers/STM32F4xx_HAL_Driver/Src/stm32f4xx_hal_cortex.o
                0x0000000008001976                HAL_NVIC_EnableIRQ
 .text.HAL_SYSTICK_Config
                0x0000000008001992       0x18 ./Drivers/STM32F4xx_HAL_Driver/Src/stm32f4xx_hal_cortex.o
                0x0000000008001992                HAL_SYSTICK_Config
 *fill*         0x00000000080019aa        0x2 
 .text.HAL_GPIO_Init
                0x00000000080019ac      0x308 ./Drivers/STM32F4xx_HAL_Driver/Src/stm32f4xx_hal_gpio.o
                0x00000000080019ac                HAL_GPIO_Init
 .text.HAL_GPIO_WritePin
                0x0000000008001cb4       0x32 ./Drivers/STM32F4xx_HAL_Driver/Src/stm32f4xx_hal_gpio.o
                0x0000000008001cb4                HAL_GPIO_WritePin
 *fill*         0x0000000008001ce6        0x2 
 .text.HAL_GPIO_EXTI_IRQHandler
                0x0000000008001ce8       0x30 ./Drivers/STM32F4xx_HAL_Driver/Src/stm32f4xx_hal_gpio.o
                0x0000000008001ce8                HAL_GPIO_EXTI_IRQHandler
 .text.HAL_RCC_OscConfig
                0x0000000008001d18      0x4f0 ./Drivers/STM32F4xx_HAL_Driver/Src/stm32f4xx_hal_rcc.o
                0x0000000008001d18                HAL_RCC_OscConfig
 .text.HAL_RCC_ClockConfig
                0x0000000008002208      0x1cc ./Drivers/STM32F4xx_HAL_Driver/Src/stm32f4xx_hal_rcc.o
                0x0000000008002208                HAL_RCC_ClockConfig
 .text.HAL_RCC_GetSysClockFreq
                0x00000000080023d4      0x20c ./Drivers/STM32F4xx_HAL_Driver/Src/stm32f4xx_hal_rcc.o
                0x00000000080023d4                HAL_RCC_GetSysClockFreq
 .text.HAL_TIM_PWM_Init
                0x00000000080025e0       0x9e ./Drivers/STM32F4xx_HAL_Driver/Src/stm32f4xx_hal_tim.o
                0x00000000080025e0                HAL_TIM_PWM_Init
 *fill*         0x000000000800267e        0x2 
 .text.HAL_TIM_PWM_Start
                0x0000000008002680      0x160 ./Drivers/STM32F4xx_HAL_Driver/Src/stm32f4xx_hal_tim.o
                0x0000000008002680                HAL_TIM_PWM_Start
 .text.HAL_TIM_PWM_ConfigChannel
                0x00000000080027e0      0x184 ./Drivers/STM32F4xx_HAL_Driver/Src/stm32f4xx_hal_tim.o
                0x00000000080027e0                HAL_TIM_PWM_ConfigChannel
 .text.TIM_Base_SetConfig
                0x0000000008002964      0x100 ./Drivers/STM32F4xx_HAL_Driver/Src/stm32f4xx_hal_tim.o
                0x0000000008002964                TIM_Base_SetConfig
 .text.TIM_OC1_SetConfig
                0x0000000008002a64       0xcc ./Drivers/STM32F4xx_HAL_Driver/Src/stm32f4xx_hal_tim.o
 .text.TIM_OC2_SetConfig
                0x0000000008002b30       0xd8 ./Drivers/STM32F4xx_HAL_Driver/Src/stm32f4xx_hal_tim.o
                0x0000000008002b30                TIM_OC2_SetConfig
 .text.TIM_OC3_SetConfig
                0x0000000008002c08       0xd4 ./Drivers/STM32F4xx_HAL_Driver/Src/stm32f4xx_hal_tim.o
 .text.TIM_OC4_SetConfig
                0x0000000008002cdc       0xa0 ./Drivers/STM32F4xx_HAL_Driver/Src/stm32f4xx_hal_tim.o
 .text.TIM_CCxChannelCmd
                0x0000000008002d7c       0x4a ./Drivers/STM32F4xx_HAL_Driver/Src/stm32f4xx_hal_tim.o
                0x0000000008002d7c                TIM_CCxChannelCmd
 *fill*         0x0000000008002dc6        0x2 
 .text.HAL_TIMEx_MasterConfigSynchronization
                0x0000000008002dc8       0xdc ./Drivers/STM32F4xx_HAL_Driver/Src/stm32f4xx_hal_tim_ex.o
                0x0000000008002dc8                HAL_TIMEx_MasterConfigSynchronization
 .text.__libc_init_array
                0x0000000008002ea4       0x48 d:/programas/stm23cubeide/install/stm32cubeide_1.10.1/stm32cubeide/plugins/com.st.stm32cube.ide.mcu.externaltools.gnu-tools-for-stm32.10.3-2021.10.win32_1.0.0.202111181127/tools/bin/../lib/gcc/arm-none-eabi/10.3.1/../../../../arm-none-eabi/lib/thumb/v7e-m+fp/hard\libc_nano.a(lib_a-init.o)
                0x0000000008002ea4                __libc_init_array
 .text.memset   0x0000000008002eec       0x10 d:/programas/stm23cubeide/install/stm32cubeide_1.10.1/stm32cubeide/plugins/com.st.stm32cube.ide.mcu.externaltools.gnu-tools-for-stm32.10.3-2021.10.win32_1.0.0.202111181127/tools/bin/../lib/gcc/arm-none-eabi/10.3.1/../../../../arm-none-eabi/lib/thumb/v7e-m+fp/hard\libc_nano.a(lib_a-memset.o)
                0x0000000008002eec                memset
 *(.glue_7)
 .glue_7        0x0000000008002efc        0x0 linker stubs
 *(.glue_7t)
 .glue_7t       0x0000000008002efc        0x0 linker stubs
 *(.eh_frame)
 .eh_frame      0x0000000008002efc        0x0 d:/programas/stm23cubeide/install/stm32cubeide_1.10.1/stm32cubeide/plugins/com.st.stm32cube.ide.mcu.externaltools.gnu-tools-for-stm32.10.3-2021.10.win32_1.0.0.202111181127/tools/bin/../lib/gcc/arm-none-eabi/10.3.1/thumb/v7e-m+fp/hard/crtbegin.o
 *(.init)
 .init          0x0000000008002efc        0x4 d:/programas/stm23cubeide/install/stm32cubeide_1.10.1/stm32cubeide/plugins/com.st.stm32cube.ide.mcu.externaltools.gnu-tools-for-stm32.10.3-2021.10.win32_1.0.0.202111181127/tools/bin/../lib/gcc/arm-none-eabi/10.3.1/thumb/v7e-m+fp/hard/crti.o
                0x0000000008002efc                _init
 .init          0x0000000008002f00        0x8 d:/programas/stm23cubeide/install/stm32cubeide_1.10.1/stm32cubeide/plugins/com.st.stm32cube.ide.mcu.externaltools.gnu-tools-for-stm32.10.3-2021.10.win32_1.0.0.202111181127/tools/bin/../lib/gcc/arm-none-eabi/10.3.1/thumb/v7e-m+fp/hard/crtn.o
 *(.fini)
 .fini          0x0000000008002f08        0x4 d:/programas/stm23cubeide/install/stm32cubeide_1.10.1/stm32cubeide/plugins/com.st.stm32cube.ide.mcu.externaltools.gnu-tools-for-stm32.10.3-2021.10.win32_1.0.0.202111181127/tools/bin/../lib/gcc/arm-none-eabi/10.3.1/thumb/v7e-m+fp/hard/crti.o
                0x0000000008002f08                _fini
 .fini          0x0000000008002f0c        0x8 d:/programas/stm23cubeide/install/stm32cubeide_1.10.1/stm32cubeide/plugins/com.st.stm32cube.ide.mcu.externaltools.gnu-tools-for-stm32.10.3-2021.10.win32_1.0.0.202111181127/tools/bin/../lib/gcc/arm-none-eabi/10.3.1/thumb/v7e-m+fp/hard/crtn.o
                0x0000000008002f14                . = ALIGN (0x4)
                0x0000000008002f14                _etext = .

.vfp11_veneer   0x0000000008002f14        0x0
 .vfp11_veneer  0x0000000008002f14        0x0 linker stubs

.v4_bx          0x0000000008002f14        0x0
 .v4_bx         0x0000000008002f14        0x0 linker stubs

.iplt           0x0000000008002f14        0x0
 .iplt          0x0000000008002f14        0x0 d:/programas/stm23cubeide/install/stm32cubeide_1.10.1/stm32cubeide/plugins/com.st.stm32cube.ide.mcu.externaltools.gnu-tools-for-stm32.10.3-2021.10.win32_1.0.0.202111181127/tools/bin/../lib/gcc/arm-none-eabi/10.3.1/thumb/v7e-m+fp/hard/crtbegin.o

.rodata         0x0000000008002f14       0x10
                0x0000000008002f14                . = ALIGN (0x4)
 *(.rodata)
 *(.rodata*)
 .rodata.AHBPrescTable
                0x0000000008002f14       0x10 ./Core/Src/system_stm32f4xx.o
                0x0000000008002f14                AHBPrescTable
                0x0000000008002f24                . = ALIGN (0x4)

.ARM.extab      0x0000000008002f24        0x0
                0x0000000008002f24                . = ALIGN (0x4)
 *(.ARM.extab* .gnu.linkonce.armextab.*)
                0x0000000008002f24                . = ALIGN (0x4)

.ARM            0x0000000008002f24        0x8
                0x0000000008002f24                . = ALIGN (0x4)
                0x0000000008002f24                __exidx_start = .
 *(.ARM.exidx*)
 .ARM.exidx     0x0000000008002f24        0x8 d:/programas/stm23cubeide/install/stm32cubeide_1.10.1/stm32cubeide/plugins/com.st.stm32cube.ide.mcu.externaltools.gnu-tools-for-stm32.10.3-2021.10.win32_1.0.0.202111181127/tools/bin/../lib/gcc/arm-none-eabi/10.3.1/thumb/v7e-m+fp/hard\libgcc.a(_udivmoddi4.o)
                0x0000000008002f2c                __exidx_end = .
                0x0000000008002f2c                . = ALIGN (0x4)

.rel.dyn        0x0000000008002f2c        0x0
 .rel.iplt      0x0000000008002f2c        0x0 d:/programas/stm23cubeide/install/stm32cubeide_1.10.1/stm32cubeide/plugins/com.st.stm32cube.ide.mcu.externaltools.gnu-tools-for-stm32.10.3-2021.10.win32_1.0.0.202111181127/tools/bin/../lib/gcc/arm-none-eabi/10.3.1/thumb/v7e-m+fp/hard/crtbegin.o

.preinit_array  0x0000000008002f2c        0x0
                0x0000000008002f2c                . = ALIGN (0x4)
                0x0000000008002f2c                PROVIDE (__preinit_array_start = .)
 *(.preinit_array*)
                0x0000000008002f2c                PROVIDE (__preinit_array_end = .)
                0x0000000008002f2c                . = ALIGN (0x4)

.init_array     0x0000000008002f2c        0x4
                0x0000000008002f2c                . = ALIGN (0x4)
                0x0000000008002f2c                PROVIDE (__init_array_start = .)
 *(SORT_BY_NAME(.init_array.*))
 *(.init_array*)
 .init_array    0x0000000008002f2c        0x4 d:/programas/stm23cubeide/install/stm32cubeide_1.10.1/stm32cubeide/plugins/com.st.stm32cube.ide.mcu.externaltools.gnu-tools-for-stm32.10.3-2021.10.win32_1.0.0.202111181127/tools/bin/../lib/gcc/arm-none-eabi/10.3.1/thumb/v7e-m+fp/hard/crtbegin.o
                0x0000000008002f30                PROVIDE (__init_array_end = .)
                0x0000000008002f30                . = ALIGN (0x4)

.fini_array     0x0000000008002f30        0x4
                0x0000000008002f30                . = ALIGN (0x4)
                [!provide]                        PROVIDE (__fini_array_start = .)
 *(SORT_BY_NAME(.fini_array.*))
 *(.fini_array*)
 .fini_array    0x0000000008002f30        0x4 d:/programas/stm23cubeide/install/stm32cubeide_1.10.1/stm32cubeide/plugins/com.st.stm32cube.ide.mcu.externaltools.gnu-tools-for-stm32.10.3-2021.10.win32_1.0.0.202111181127/tools/bin/../lib/gcc/arm-none-eabi/10.3.1/thumb/v7e-m+fp/hard/crtbegin.o
                [!provide]                        PROVIDE (__fini_array_end = .)
                0x0000000008002f34                . = ALIGN (0x4)
                0x0000000008002f34                _sidata = LOADADDR (.data)

.data           0x0000000020000000       0x10 load address 0x0000000008002f34
                0x0000000020000000                . = ALIGN (0x4)
                0x0000000020000000                _sdata = .
 *(.data)
 *(.data*)
 .data.humedad_minima
                0x0000000020000000        0x1 ./Core/Src/main.o
                0x0000000020000000                humedad_minima
 .data.humedad_maxima
                0x0000000020000001        0x1 ./Core/Src/main.o
                0x0000000020000001                humedad_maxima
 .data.humedad_media
                0x0000000020000002        0x1 ./Core/Src/main.o
                0x0000000020000002                humedad_media
 *fill*         0x0000000020000003        0x1 
 .data.SystemCoreClock
                0x0000000020000004        0x4 ./Core/Src/system_stm32f4xx.o
                0x0000000020000004                SystemCoreClock
 .data.uwTickPrio
                0x0000000020000008        0x4 ./Drivers/STM32F4xx_HAL_Driver/Src/stm32f4xx_hal.o
                0x0000000020000008                uwTickPrio
 .data.uwTickFreq
                0x000000002000000c        0x1 ./Drivers/STM32F4xx_HAL_Driver/Src/stm32f4xx_hal.o
                0x000000002000000c                uwTickFreq
 *(.RamFunc)
 *(.RamFunc*)
                0x0000000020000010                . = ALIGN (0x4)
 *fill*         0x000000002000000d        0x3 
                0x0000000020000010                _edata = .

.igot.plt       0x0000000020000010        0x0 load address 0x0000000008002f44
 .igot.plt      0x0000000020000010        0x0 d:/programas/stm23cubeide/install/stm32cubeide_1.10.1/stm32cubeide/plugins/com.st.stm32cube.ide.mcu.externaltools.gnu-tools-for-stm32.10.3-2021.10.win32_1.0.0.202111181127/tools/bin/../lib/gcc/arm-none-eabi/10.3.1/thumb/v7e-m+fp/hard/crtbegin.o
                0x0000000020000010                . = ALIGN (0x4)

.bss            0x0000000020000010       0xbc load address 0x0000000008002f44
                0x0000000020000010                _sbss = .
                0x0000000020000010                __bss_start__ = _sbss
 *(.bss)
 .bss           0x0000000020000010       0x1c d:/programas/stm23cubeide/install/stm32cubeide_1.10.1/stm32cubeide/plugins/com.st.stm32cube.ide.mcu.externaltools.gnu-tools-for-stm32.10.3-2021.10.win32_1.0.0.202111181127/tools/bin/../lib/gcc/arm-none-eabi/10.3.1/thumb/v7e-m+fp/hard/crtbegin.o
 *(.bss*)
 .bss.hadc1     0x000000002000002c       0x48 ./Core/Src/main.o
                0x000000002000002c                hadc1
 .bss.htim4     0x0000000020000074       0x48 ./Core/Src/main.o
                0x0000000020000074                htim4
 .bss.modo      0x00000000200000bc        0x1 ./Core/Src/main.o
                0x00000000200000bc                modo
 *fill*         0x00000000200000bd        0x3 
 .bss.last_press.1
                0x00000000200000c0        0x4 ./Core/Src/main.o
 .bss.last_time.0
                0x00000000200000c4        0x4 ./Core/Src/main.o
 .bss.uwTick    0x00000000200000c8        0x4 ./Drivers/STM32F4xx_HAL_Driver/Src/stm32f4xx_hal.o
                0x00000000200000c8                uwTick
 *(COMMON)
                0x00000000200000cc                . = ALIGN (0x4)
                0x00000000200000cc                _ebss = .
                0x00000000200000cc                __bss_end__ = _ebss

._user_heap_stack
                0x00000000200000cc      0x604 load address 0x0000000008002f44
                0x00000000200000d0                . = ALIGN (0x8)
 *fill*         0x00000000200000cc        0x4 
                [!provide]                        PROVIDE (end = .)
                0x00000000200000d0                PROVIDE (_end = .)
                0x00000000200002d0                . = (. + _Min_Heap_Size)
 *fill*         0x00000000200000d0      0x200 
                0x00000000200006d0                . = (. + _Min_Stack_Size)
 *fill*         0x00000000200002d0      0x400 
                0x00000000200006d0                . = ALIGN (0x8)

/DISCARD/
 libc.a(*)
 libm.a(*)
 libgcc.a(*)

.ARM.attributes
                0x0000000000000000       0x30
 *(.ARM.attributes)
 .ARM.attributes
                0x0000000000000000       0x1e d:/programas/stm23cubeide/install/stm32cubeide_1.10.1/stm32cubeide/plugins/com.st.stm32cube.ide.mcu.externaltools.gnu-tools-for-stm32.10.3-2021.10.win32_1.0.0.202111181127/tools/bin/../lib/gcc/arm-none-eabi/10.3.1/thumb/v7e-m+fp/hard/crti.o
 .ARM.attributes
                0x000000000000001e       0x34 d:/programas/stm23cubeide/install/stm32cubeide_1.10.1/stm32cubeide/plugins/com.st.stm32cube.ide.mcu.externaltools.gnu-tools-for-stm32.10.3-2021.10.win32_1.0.0.202111181127/tools/bin/../lib/gcc/arm-none-eabi/10.3.1/thumb/v7e-m+fp/hard/crtbegin.o
 .ARM.attributes
                0x0000000000000052       0x34 ./Core/Src/main.o
 .ARM.attributes
                0x0000000000000086       0x34 ./Core/Src/stm32f4xx_hal_msp.o
 .ARM.attributes
                0x00000000000000ba       0x34 ./Core/Src/stm32f4xx_it.o
 .ARM.attributes
                0x00000000000000ee       0x34 ./Core/Src/system_stm32f4xx.o
 .ARM.attributes
                0x0000000000000122       0x21 ./Core/Startup/startup_stm32f411vetx.o
 .ARM.attributes
                0x0000000000000143       0x34 ./Drivers/STM32F4xx_HAL_Driver/Src/stm32f4xx_hal.o
 .ARM.attributes
                0x0000000000000177       0x34 ./Drivers/STM32F4xx_HAL_Driver/Src/stm32f4xx_hal_adc.o
 .ARM.attributes
                0x00000000000001ab       0x34 ./Drivers/STM32F4xx_HAL_Driver/Src/stm32f4xx_hal_cortex.o
 .ARM.attributes
                0x00000000000001df       0x34 ./Drivers/STM32F4xx_HAL_Driver/Src/stm32f4xx_hal_gpio.o
 .ARM.attributes
                0x0000000000000213       0x34 ./Drivers/STM32F4xx_HAL_Driver/Src/stm32f4xx_hal_rcc.o
 .ARM.attributes
                0x0000000000000247       0x34 ./Drivers/STM32F4xx_HAL_Driver/Src/stm32f4xx_hal_tim.o
 .ARM.attributes
                0x000000000000027b       0x34 ./Drivers/STM32F4xx_HAL_Driver/Src/stm32f4xx_hal_tim_ex.o
 .ARM.attributes
                0x00000000000002af       0x34 d:/programas/stm23cubeide/install/stm32cubeide_1.10.1/stm32cubeide/plugins/com.st.stm32cube.ide.mcu.externaltools.gnu-tools-for-stm32.10.3-2021.10.win32_1.0.0.202111181127/tools/bin/../lib/gcc/arm-none-eabi/10.3.1/../../../../arm-none-eabi/lib/thumb/v7e-m+fp/hard\libc_nano.a(lib_a-init.o)
 .ARM.attributes
                0x00000000000002e3       0x34 d:/programas/stm23cubeide/install/stm32cubeide_1.10.1/stm32cubeide/plugins/com.st.stm32cube.ide.mcu.externaltools.gnu-tools-for-stm32.10.3-2021.10.win32_1.0.0.202111181127/tools/bin/../lib/gcc/arm-none-eabi/10.3.1/../../../../arm-none-eabi/lib/thumb/v7e-m+fp/hard\libc_nano.a(lib_a-memset.o)
 .ARM.attributes
                0x0000000000000317       0x1e d:/programas/stm23cubeide/install/stm32cubeide_1.10.1/stm32cubeide/plugins/com.st.stm32cube.ide.mcu.externaltools.gnu-tools-for-stm32.10.3-2021.10.win32_1.0.0.202111181127/tools/bin/../lib/gcc/arm-none-eabi/10.3.1/thumb/v7e-m+fp/hard\libgcc.a(_aeabi_uldivmod.o)
 .ARM.attributes
                0x0000000000000335       0x34 d:/programas/stm23cubeide/install/stm32cubeide_1.10.1/stm32cubeide/plugins/com.st.stm32cube.ide.mcu.externaltools.gnu-tools-for-stm32.10.3-2021.10.win32_1.0.0.202111181127/tools/bin/../lib/gcc/arm-none-eabi/10.3.1/thumb/v7e-m+fp/hard\libgcc.a(_udivmoddi4.o)
 .ARM.attributes
                0x0000000000000369       0x1e d:/programas/stm23cubeide/install/stm32cubeide_1.10.1/stm32cubeide/plugins/com.st.stm32cube.ide.mcu.externaltools.gnu-tools-for-stm32.10.3-2021.10.win32_1.0.0.202111181127/tools/bin/../lib/gcc/arm-none-eabi/10.3.1/thumb/v7e-m+fp/hard\libgcc.a(_dvmd_tls.o)
 .ARM.attributes
                0x0000000000000387       0x1e d:/programas/stm23cubeide/install/stm32cubeide_1.10.1/stm32cubeide/plugins/com.st.stm32cube.ide.mcu.externaltools.gnu-tools-for-stm32.10.3-2021.10.win32_1.0.0.202111181127/tools/bin/../lib/gcc/arm-none-eabi/10.3.1/thumb/v7e-m+fp/hard/crtn.o
OUTPUT(TrabajoSED_STM32.elf elf32-littlearm)
LOAD linker stubs
LOAD d:/programas/stm23cubeide/install/stm32cubeide_1.10.1/stm32cubeide/plugins/com.st.stm32cube.ide.mcu.externaltools.gnu-tools-for-stm32.10.3-2021.10.win32_1.0.0.202111181127/tools/bin/../lib/gcc/arm-none-eabi/10.3.1/../../../../arm-none-eabi/lib/thumb/v7e-m+fp/hard\libc.a
LOAD d:/programas/stm23cubeide/install/stm32cubeide_1.10.1/stm32cubeide/plugins/com.st.stm32cube.ide.mcu.externaltools.gnu-tools-for-stm32.10.3-2021.10.win32_1.0.0.202111181127/tools/bin/../lib/gcc/arm-none-eabi/10.3.1/../../../../arm-none-eabi/lib/thumb/v7e-m+fp/hard\libm.a
LOAD d:/programas/stm23cubeide/install/stm32cubeide_1.10.1/stm32cubeide/plugins/com.st.stm32cube.ide.mcu.externaltools.gnu-tools-for-stm32.10.3-2021.10.win32_1.0.0.202111181127/tools/bin/../lib/gcc/arm-none-eabi/10.3.1/thumb/v7e-m+fp/hard\libgcc.a

.debug_info     0x0000000000000000     0xa254
 .debug_info    0x0000000000000000     0x16f5 ./Core/Src/main.o
 .debug_info    0x00000000000016f5      0xdc4 ./Core/Src/stm32f4xx_hal_msp.o
 .debug_info    0x00000000000024b9      0x181 ./Core/Src/stm32f4xx_it.o
 .debug_info    0x000000000000263a      0x54f ./Core/Src/system_stm32f4xx.o
 .debug_info    0x0000000000002b89       0x22 ./Core/Startup/startup_stm32f411vetx.o
 .debug_info    0x0000000000002bab      0x90d ./Drivers/STM32F4xx_HAL_Driver/Src/stm32f4xx_hal.o
 .debug_info    0x00000000000034b8      0xd68 ./Drivers/STM32F4xx_HAL_Driver/Src/stm32f4xx_hal_adc.o
 .debug_info    0x0000000000004220      0xd8b ./Drivers/STM32F4xx_HAL_Driver/Src/stm32f4xx_hal_cortex.o
 .debug_info    0x0000000000004fab      0x78e ./Drivers/STM32F4xx_HAL_Driver/Src/stm32f4xx_hal_gpio.o
 .debug_info    0x0000000000005739      0x98d ./Drivers/STM32F4xx_HAL_Driver/Src/stm32f4xx_hal_rcc.o
 .debug_info    0x00000000000060c6     0x2bb6 ./Drivers/STM32F4xx_HAL_Driver/Src/stm32f4xx_hal_tim.o
 .debug_info    0x0000000000008c7c     0x15d8 ./Drivers/STM32F4xx_HAL_Driver/Src/stm32f4xx_hal_tim_ex.o

.debug_abbrev   0x0000000000000000     0x1784
 .debug_abbrev  0x0000000000000000      0x33b ./Core/Src/main.o
 .debug_abbrev  0x000000000000033b      0x1d8 ./Core/Src/stm32f4xx_hal_msp.o
 .debug_abbrev  0x0000000000000513       0x9f ./Core/Src/stm32f4xx_it.o
 .debug_abbrev  0x00000000000005b2      0x116 ./Core/Src/system_stm32f4xx.o
 .debug_abbrev  0x00000000000006c8       0x12 ./Core/Startup/startup_stm32f411vetx.o
 .debug_abbrev  0x00000000000006da      0x23e ./Drivers/STM32F4xx_HAL_Driver/Src/stm32f4xx_hal.o
 .debug_abbrev  0x0000000000000918      0x204 ./Drivers/STM32F4xx_HAL_Driver/Src/stm32f4xx_hal_adc.o
 .debug_abbrev  0x0000000000000b1c      0x316 ./Drivers/STM32F4xx_HAL_Driver/Src/stm32f4xx_hal_cortex.o
 .debug_abbrev  0x0000000000000e32      0x1c4 ./Drivers/STM32F4xx_HAL_Driver/Src/stm32f4xx_hal_gpio.o
 .debug_abbrev  0x0000000000000ff6      0x2aa ./Drivers/STM32F4xx_HAL_Driver/Src/stm32f4xx_hal_rcc.o
 .debug_abbrev  0x00000000000012a0      0x26e ./Drivers/STM32F4xx_HAL_Driver/Src/stm32f4xx_hal_tim.o
 .debug_abbrev  0x000000000000150e      0x276 ./Drivers/STM32F4xx_HAL_Driver/Src/stm32f4xx_hal_tim_ex.o

.debug_aranges  0x0000000000000000      0xab0
 .debug_aranges
                0x0000000000000000       0x98 ./Core/Src/main.o
 .debug_aranges
                0x0000000000000098       0x48 ./Core/Src/stm32f4xx_hal_msp.o
 .debug_aranges
                0x00000000000000e0       0x78 ./Core/Src/stm32f4xx_it.o
 .debug_aranges
                0x0000000000000158       0x28 ./Core/Src/system_stm32f4xx.o
 .debug_aranges
                0x0000000000000180       0x28 ./Core/Startup/startup_stm32f411vetx.o
 .debug_aranges
                0x00000000000001a8       0xf0 ./Drivers/STM32F4xx_HAL_Driver/Src/stm32f4xx_hal.o
 .debug_aranges
                0x0000000000000298       0xe8 ./Drivers/STM32F4xx_HAL_Driver/Src/stm32f4xx_hal_adc.o
 .debug_aranges
                0x0000000000000380      0x118 ./Drivers/STM32F4xx_HAL_Driver/Src/stm32f4xx_hal_cortex.o
 .debug_aranges
                0x0000000000000498       0x58 ./Drivers/STM32F4xx_HAL_Driver/Src/stm32f4xx_hal_gpio.o
 .debug_aranges
                0x00000000000004f0       0x88 ./Drivers/STM32F4xx_HAL_Driver/Src/stm32f4xx_hal_rcc.o
 .debug_aranges
                0x0000000000000578      0x3d0 ./Drivers/STM32F4xx_HAL_Driver/Src/stm32f4xx_hal_tim.o
 .debug_aranges
                0x0000000000000948      0x168 ./Drivers/STM32F4xx_HAL_Driver/Src/stm32f4xx_hal_tim_ex.o

.debug_ranges   0x0000000000000000      0x9f8
 .debug_ranges  0x0000000000000000       0x88 ./Core/Src/main.o
 .debug_ranges  0x0000000000000088       0x38 ./Core/Src/stm32f4xx_hal_msp.o
 .debug_ranges  0x00000000000000c0       0x68 ./Core/Src/stm32f4xx_it.o
 .debug_ranges  0x0000000000000128       0x18 ./Core/Src/system_stm32f4xx.o
 .debug_ranges  0x0000000000000140       0x20 ./Core/Startup/startup_stm32f411vetx.o
 .debug_ranges  0x0000000000000160       0xe0 ./Drivers/STM32F4xx_HAL_Driver/Src/stm32f4xx_hal.o
 .debug_ranges  0x0000000000000240       0xd8 ./Drivers/STM32F4xx_HAL_Driver/Src/stm32f4xx_hal_adc.o
 .debug_ranges  0x0000000000000318      0x108 ./Drivers/STM32F4xx_HAL_Driver/Src/stm32f4xx_hal_cortex.o
 .debug_ranges  0x0000000000000420       0x48 ./Drivers/STM32F4xx_HAL_Driver/Src/stm32f4xx_hal_gpio.o
 .debug_ranges  0x0000000000000468       0x78 ./Drivers/STM32F4xx_HAL_Driver/Src/stm32f4xx_hal_rcc.o
 .debug_ranges  0x00000000000004e0      0x3c0 ./Drivers/STM32F4xx_HAL_Driver/Src/stm32f4xx_hal_tim.o
 .debug_ranges  0x00000000000008a0      0x158 ./Drivers/STM32F4xx_HAL_Driver/Src/stm32f4xx_hal_tim_ex.o

.debug_macro    0x0000000000000000    0x163c1
 .debug_macro   0x0000000000000000      0x202 ./Core/Src/main.o
 .debug_macro   0x0000000000000202      0xa78 ./Core/Src/main.o
 .debug_macro   0x0000000000000c7a      0x29b ./Core/Src/main.o
 .debug_macro   0x0000000000000f15       0x2e ./Core/Src/main.o
 .debug_macro   0x0000000000000f43       0x28 ./Core/Src/main.o
 .debug_macro   0x0000000000000f6b       0x22 ./Core/Src/main.o
 .debug_macro   0x0000000000000f8d       0x8e ./Core/Src/main.o
 .debug_macro   0x000000000000101b       0x51 ./Core/Src/main.o
 .debug_macro   0x000000000000106c      0x103 ./Core/Src/main.o
 .debug_macro   0x000000000000116f       0x6a ./Core/Src/main.o
 .debug_macro   0x00000000000011d9      0x1df ./Core/Src/main.o
 .debug_macro   0x00000000000013b8       0x1c ./Core/Src/main.o
 .debug_macro   0x00000000000013d4       0x22 ./Core/Src/main.o
 .debug_macro   0x00000000000013f6       0xd9 ./Core/Src/main.o
 .debug_macro   0x00000000000014cf     0x102d ./Core/Src/main.o
 .debug_macro   0x00000000000024fc      0x11f ./Core/Src/main.o
 .debug_macro   0x000000000000261b     0xb953 ./Core/Src/main.o
 .debug_macro   0x000000000000df6e       0x6d ./Core/Src/main.o
 .debug_macro   0x000000000000dfdb     0x367e ./Core/Src/main.o
 .debug_macro   0x0000000000011659      0x174 ./Core/Src/main.o
 .debug_macro   0x00000000000117cd       0x5c ./Core/Src/main.o
 .debug_macro   0x0000000000011829      0x447 ./Core/Src/main.o
 .debug_macro   0x0000000000011c70      0x9fe ./Core/Src/main.o
 .debug_macro   0x000000000001266e      0x115 ./Core/Src/main.o
 .debug_macro   0x0000000000012783      0x11b ./Core/Src/main.o
 .debug_macro   0x000000000001289e       0xa5 ./Core/Src/main.o
 .debug_macro   0x0000000000012943      0x15f ./Core/Src/main.o
 .debug_macro   0x0000000000012aa2      0x287 ./Core/Src/main.o
 .debug_macro   0x0000000000012d29       0x5f ./Core/Src/main.o
 .debug_macro   0x0000000000012d88      0x236 ./Core/Src/main.o
 .debug_macro   0x0000000000012fbe      0x9e1 ./Core/Src/main.o
 .debug_macro   0x000000000001399f      0x38b ./Core/Src/main.o
 .debug_macro   0x0000000000013d2a      0x17d ./Core/Src/main.o
 .debug_macro   0x0000000000013ea7       0xf9 ./Core/Src/main.o
 .debug_macro   0x0000000000013fa0      0x132 ./Core/Src/main.o
 .debug_macro   0x00000000000140d2      0x264 ./Core/Src/main.o
 .debug_macro   0x0000000000014336       0x2e ./Core/Src/main.o
 .debug_macro   0x0000000000014364      0x11a ./Core/Src/main.o
 .debug_macro   0x000000000001447e       0x85 ./Core/Src/main.o
 .debug_macro   0x0000000000014503       0x89 ./Core/Src/main.o
 .debug_macro   0x000000000001458c      0x8e6 ./Core/Src/main.o
 .debug_macro   0x0000000000014e72       0x47 ./Core/Src/main.o
 .debug_macro   0x0000000000014eb9      0x126 ./Core/Src/main.o
 .debug_macro   0x0000000000014fdf      0x1f6 ./Core/Src/stm32f4xx_hal_msp.o
 .debug_macro   0x00000000000151d5      0x200 ./Core/Src/stm32f4xx_it.o
 .debug_macro   0x00000000000153d5      0x1ec ./Core/Src/system_stm32f4xx.o
 .debug_macro   0x00000000000155c1      0x24c ./Drivers/STM32F4xx_HAL_Driver/Src/stm32f4xx_hal.o
 .debug_macro   0x000000000001580d      0x1ed ./Drivers/STM32F4xx_HAL_Driver/Src/stm32f4xx_hal_adc.o
 .debug_macro   0x00000000000159fa      0x1ec ./Drivers/STM32F4xx_HAL_Driver/Src/stm32f4xx_hal_cortex.o
 .debug_macro   0x0000000000015be6      0x1f2 ./Drivers/STM32F4xx_HAL_Driver/Src/stm32f4xx_hal_gpio.o
 .debug_macro   0x0000000000015dd8      0x210 ./Drivers/STM32F4xx_HAL_Driver/Src/stm32f4xx_hal_rcc.o
 .debug_macro   0x0000000000015fe8      0x1ed ./Drivers/STM32F4xx_HAL_Driver/Src/stm32f4xx_hal_tim.o
 .debug_macro   0x00000000000161d5      0x1ec ./Drivers/STM32F4xx_HAL_Driver/Src/stm32f4xx_hal_tim_ex.o

.debug_line     0x0000000000000000     0xc3fd
 .debug_line    0x0000000000000000      0xc73 ./Core/Src/main.o
 .debug_line    0x0000000000000c73      0x962 ./Core/Src/stm32f4xx_hal_msp.o
 .debug_line    0x00000000000015d5      0x9bd ./Core/Src/stm32f4xx_it.o
 .debug_line    0x0000000000001f92      0x934 ./Core/Src/system_stm32f4xx.o
 .debug_line    0x00000000000028c6       0x88 ./Core/Startup/startup_stm32f411vetx.o
 .debug_line    0x000000000000294e      0xb9a ./Drivers/STM32F4xx_HAL_Driver/Src/stm32f4xx_hal.o
 .debug_line    0x00000000000034e8     0x134a ./Drivers/STM32F4xx_HAL_Driver/Src/stm32f4xx_hal_adc.o
 .debug_line    0x0000000000004832      0xe49 ./Drivers/STM32F4xx_HAL_Driver/Src/stm32f4xx_hal_cortex.o
 .debug_line    0x000000000000567b      0xcd2 ./Drivers/STM32F4xx_HAL_Driver/Src/stm32f4xx_hal_gpio.o
 .debug_line    0x000000000000634d      0xf16 ./Drivers/STM32F4xx_HAL_Driver/Src/stm32f4xx_hal_rcc.o
 .debug_line    0x0000000000007263     0x3668 ./Drivers/STM32F4xx_HAL_Driver/Src/stm32f4xx_hal_tim.o
 .debug_line    0x000000000000a8cb     0x1b32 ./Drivers/STM32F4xx_HAL_Driver/Src/stm32f4xx_hal_tim_ex.o

.debug_str      0x0000000000000000    0x9356e
 .debug_str     0x0000000000000000    0x91160 ./Core/Src/main.o
                                      0x914ec (size before relaxing)
 .debug_str     0x0000000000091160       0xb8 ./Core/Src/stm32f4xx_hal_msp.o
                                      0x90c5e (size before relaxing)
 .debug_str     0x0000000000091218      0x115 ./Core/Src/stm32f4xx_it.o
                                      0x9044f (size before relaxing)
 .debug_str     0x000000000009132d       0xdb ./Core/Src/system_stm32f4xx.o
                                      0x9052b (size before relaxing)
 .debug_str     0x0000000000091408       0x36 ./Core/Startup/startup_stm32f411vetx.o
                                         0x7c (size before relaxing)
 .debug_str     0x000000000009143e      0x5e4 ./Drivers/STM32F4xx_HAL_Driver/Src/stm32f4xx_hal.o
                                      0x90f57 (size before relaxing)
 .debug_str     0x0000000000091a22      0x28d ./Drivers/STM32F4xx_HAL_Driver/Src/stm32f4xx_hal_adc.o
                                      0x90b06 (size before relaxing)
 .debug_str     0x0000000000091caf      0x33f ./Drivers/STM32F4xx_HAL_Driver/Src/stm32f4xx_hal_cortex.o
                                      0x90c78 (size before relaxing)
 .debug_str     0x0000000000091fee       0xe8 ./Drivers/STM32F4xx_HAL_Driver/Src/stm32f4xx_hal_gpio.o
                                      0x906a6 (size before relaxing)
 .debug_str     0x00000000000920d6      0x233 ./Drivers/STM32F4xx_HAL_Driver/Src/stm32f4xx_hal_rcc.o
                                      0x9095f (size before relaxing)
 .debug_str     0x0000000000092309      0xdd2 ./Drivers/STM32F4xx_HAL_Driver/Src/stm32f4xx_hal_tim.o
                                      0x91893 (size before relaxing)
 .debug_str     0x00000000000930db      0x493 ./Drivers/STM32F4xx_HAL_Driver/Src/stm32f4xx_hal_tim_ex.o
                                      0x910af (size before relaxing)

.comment        0x0000000000000000       0x50
 .comment       0x0000000000000000       0x50 ./Core/Src/main.o
                                         0x51 (size before relaxing)
 .comment       0x0000000000000050       0x51 ./Core/Src/stm32f4xx_hal_msp.o
 .comment       0x0000000000000050       0x51 ./Core/Src/stm32f4xx_it.o
 .comment       0x0000000000000050       0x51 ./Core/Src/system_stm32f4xx.o
 .comment       0x0000000000000050       0x51 ./Drivers/STM32F4xx_HAL_Driver/Src/stm32f4xx_hal.o
 .comment       0x0000000000000050       0x51 ./Drivers/STM32F4xx_HAL_Driver/Src/stm32f4xx_hal_adc.o
 .comment       0x0000000000000050       0x51 ./Drivers/STM32F4xx_HAL_Driver/Src/stm32f4xx_hal_cortex.o
 .comment       0x0000000000000050       0x51 ./Drivers/STM32F4xx_HAL_Driver/Src/stm32f4xx_hal_gpio.o
 .comment       0x0000000000000050       0x51 ./Drivers/STM32F4xx_HAL_Driver/Src/stm32f4xx_hal_rcc.o
 .comment       0x0000000000000050       0x51 ./Drivers/STM32F4xx_HAL_Driver/Src/stm32f4xx_hal_tim.o
 .comment       0x0000000000000050       0x51 ./Drivers/STM32F4xx_HAL_Driver/Src/stm32f4xx_hal_tim_ex.o

.debug_frame    0x0000000000000000     0x2cac
 .debug_frame   0x0000000000000000      0x224 ./Core/Src/main.o
 .debug_frame   0x0000000000000224       0xf0 ./Core/Src/stm32f4xx_hal_msp.o
 .debug_frame   0x0000000000000314      0x158 ./Core/Src/stm32f4xx_it.o
 .debug_frame   0x000000000000046c       0x58 ./Core/Src/system_stm32f4xx.o
 .debug_frame   0x00000000000004c4      0x374 ./Drivers/STM32F4xx_HAL_Driver/Src/stm32f4xx_hal.o
 .debug_frame   0x0000000000000838      0x3fc ./Drivers/STM32F4xx_HAL_Driver/Src/stm32f4xx_hal_adc.o
 .debug_frame   0x0000000000000c34      0x498 ./Drivers/STM32F4xx_HAL_Driver/Src/stm32f4xx_hal_cortex.o
 .debug_frame   0x00000000000010cc      0x14c ./Drivers/STM32F4xx_HAL_Driver/Src/stm32f4xx_hal_gpio.o
 .debug_frame   0x0000000000001218      0x1f4 ./Drivers/STM32F4xx_HAL_Driver/Src/stm32f4xx_hal_rcc.o
 .debug_frame   0x000000000000140c     0x11bc ./Drivers/STM32F4xx_HAL_Driver/Src/stm32f4xx_hal_tim.o
 .debug_frame   0x00000000000025c8      0x638 ./Drivers/STM32F4xx_HAL_Driver/Src/stm32f4xx_hal_tim_ex.o
 .debug_frame   0x0000000000002c00       0x2c d:/programas/stm23cubeide/install/stm32cubeide_1.10.1/stm32cubeide/plugins/com.st.stm32cube.ide.mcu.externaltools.gnu-tools-for-stm32.10.3-2021.10.win32_1.0.0.202111181127/tools/bin/../lib/gcc/arm-none-eabi/10.3.1/../../../../arm-none-eabi/lib/thumb/v7e-m+fp/hard\libc_nano.a(lib_a-init.o)
 .debug_frame   0x0000000000002c2c       0x20 d:/programas/stm23cubeide/install/stm32cubeide_1.10.1/stm32cubeide/plugins/com.st.stm32cube.ide.mcu.externaltools.gnu-tools-for-stm32.10.3-2021.10.win32_1.0.0.202111181127/tools/bin/../lib/gcc/arm-none-eabi/10.3.1/../../../../arm-none-eabi/lib/thumb/v7e-m+fp/hard\libc_nano.a(lib_a-memset.o)
 .debug_frame   0x0000000000002c4c       0x2c d:/programas/stm23cubeide/install/stm32cubeide_1.10.1/stm32cubeide/plugins/com.st.stm32cube.ide.mcu.externaltools.gnu-tools-for-stm32.10.3-2021.10.win32_1.0.0.202111181127/tools/bin/../lib/gcc/arm-none-eabi/10.3.1/thumb/v7e-m+fp/hard\libgcc.a(_aeabi_uldivmod.o)
 .debug_frame   0x0000000000002c78       0x34 d:/programas/stm23cubeide/install/stm32cubeide_1.10.1/stm32cubeide/plugins/com.st.stm32cube.ide.mcu.externaltools.gnu-tools-for-stm32.10.3-2021.10.win32_1.0.0.202111181127/tools/bin/../lib/gcc/arm-none-eabi/10.3.1/thumb/v7e-m+fp/hard\libgcc.a(_udivmoddi4.o)
