../Core/Src/main.c:96:5:main	16	static
../Core/Src/main.c:171:6:SystemClock_Config	88	static
../Core/Src/main.c:218:13:MX_ADC1_Init	24	static
../Core/Src/main.c:270:13:MX_SPI1_Init	8	static
../Core/Src/main.c:308:13:MX_TIM4_Init	48	static
../Core/Src/main.c:365:13:MX_GPIO_Init	40	static
../Core/Src/main.c:423:6:Led_Init	8	static
../Core/Src/main.c:430:6:ControlManual	4	static
../Core/Src/main.c:435:6:ControlAutomatico_Humedad	16	static
../Core/Src/main.c:446:6:ControlAutomatico_Tiempo	4	static
../Core/Src/main.c:451:9:sensorHumedad	16	static
../Core/Src/main.c:465:6:AbrirValvula	8	static
../Core/Src/main.c:469:6:CerrarValvula	8	static
../Core/Src/main.c:474:6:HAL_GPIO_EXTI_Callback	16	static
../Core/Src/main.c:500:6:LED_ON_OFF	32	static
../Core/Src/main.c:535:6:WriteRGB	16	static
../Core/Src/main.c:544:6:printMenu_Start	32	static
../Core/Src/main.c:564:6:printMenu_CambioModo	8	static
../Core/Src/main.c:568:6:printSeleccion	16	static
../Core/Src/main.c:577:6:Error_Handler	4	static,ignoring_inline_asm
