../Core/Src/main.c:136:5:main	8	static
../Core/Src/main.c:194:6:SystemClock_Config	88	static
../Core/Src/main.c:242:13:MX_ADC1_Init	24	static
../Core/Src/main.c:294:13:MX_RTC_Init	72	static
../Core/Src/main.c:376:13:MX_SPI1_Init	8	static
../Core/Src/main.c:414:13:MX_TIM3_Init	32	static
../Core/Src/main.c:459:13:MX_TIM4_Init	48	static
../Core/Src/main.c:516:13:MX_GPIO_Init	40	static
../Core/Src/main.c:574:6:Led_Init	8	static
../Core/Src/main.c:581:6:ControlManual	4	static
../Core/Src/main.c:586:6:ControlAutomatico_Humedad	16	static
../Core/Src/main.c:597:6:ControlAutomatico_Tiempo	4	static
../Core/Src/main.c:602:9:sensorHumedad	16	static
../Core/Src/main.c:616:6:AbrirValvula	8	static
../Core/Src/main.c:620:6:CerrarValvula	8	static
../Core/Src/main.c:624:6:LED_ON_OFF	32	static
../Core/Src/main.c:659:6:WriteRGB	16	static
../Core/Src/main.c:667:6:modoHandler	8	static
../Core/Src/main.c:683:6:menuHandler	152	static
../Core/Src/main.c:893:6:printMenu_Estado	16	static
../Core/Src/main.c:906:6:printMenu_Start	24	static
../Core/Src/main.c:926:6:printMenu_CambioModo	24	static
../Core/Src/main.c:941:6:printSeleccion	24	static
../Core/Src/main.c:957:6:printAlarma	40	static
../Core/Src/main.c:966:6:printCrearAlarma	32	static
../Core/Src/main.c:985:6:printTime	32	static
../Core/Src/main.c:990:6:printOK	32	static
../Core/Src/main.c:994:6:crearAlarma	96	static
../Core/Src/main.c:1130:6:AjustarHumedad	32	static
../Core/Src/main.c:1211:6:HAL_GPIO_EXTI_Callback	16	static
../Core/Src/main.c:1232:6:HAL_RTC_AlarmAEventCallback	16	static
../Core/Src/main.c:1238:6:HAL_TIM_PeriodElapsedCallback	16	static
../Core/Src/main.c:1264:6:nextAlarma	48	static
../Core/Src/main.c:1302:6:Error_Handler	4	static,ignoring_inline_asm
