../Core/Src/main.c:136:5:main	8	static
../Core/Src/main.c:194:6:SystemClock_Config	88	static
../Core/Src/main.c:242:13:MX_ADC1_Init	24	static
../Core/Src/main.c:294:13:MX_RTC_Init	72	static
../Core/Src/main.c:376:13:MX_SPI1_Init	8	static
../Core/Src/main.c:414:13:MX_TIM3_Init	32	static
../Core/Src/main.c:459:13:MX_TIM4_Init	48	static
../Core/Src/main.c:516:13:MX_GPIO_Init	40	static
../Core/Src/main.c:581:6:Led_Init	8	static
../Core/Src/main.c:593:9:sensorHumedad	16	static
../Core/Src/main.c:608:6:AbrirValvula	8	static
../Core/Src/main.c:613:6:CerrarValvula	8	static
../Core/Src/main.c:618:6:LED_ON_OFF	32	static
../Core/Src/main.c:654:6:WriteRGB	16	static
../Core/Src/main.c:666:6:modoHandler	8	static
../Core/Src/main.c:689:6:menuHandler	152	static
../Core/Src/main.c:961:6:ControlAutomatico_Humedad	8	static
../Core/Src/main.c:981:6:AjustarHumedad	32	static
../Core/Src/main.c:1084:6:crearAlarma	88	static
../Core/Src/main.c:1234:6:CambiarHora	64	static
../Core/Src/main.c:1317:6:printMenu_Estado	16	static
../Core/Src/main.c:1336:6:printMenu_ModoActual	24	static
../Core/Src/main.c:1361:6:printMenu_CambioModo	24	static
../Core/Src/main.c:1380:6:printSeleccion	24	static
../Core/Src/main.c:1397:6:printAlarma	40	static
../Core/Src/main.c:1407:6:printCrearAlarma	32	static
../Core/Src/main.c:1428:6:printOK	32	static
../Core/Src/main.c:1434:6:printCambiarHora	32	static
../Core/Src/main.c:1441:6:printTime	32	static
../Core/Src/main.c:1454:6:HAL_GPIO_EXTI_Callback	16	static
../Core/Src/main.c:1479:6:HAL_RTC_AlarmAEventCallback	16	static
../Core/Src/main.c:1491:6:HAL_TIM_PeriodElapsedCallback	16	static
../Core/Src/main.c:1526:6:nextAlarma	48	static
../Core/Src/main.c:1564:6:Error_Handler	4	static,ignoring_inline_asm
