../Core/Src/main.c:135:5:main	8	static
../Core/Src/main.c:209:6:SystemClock_Config	88	static
../Core/Src/main.c:257:13:MX_ADC1_Init	24	static
../Core/Src/main.c:309:13:MX_RTC_Init	72	static
../Core/Src/main.c:391:13:MX_SPI1_Init	8	static
../Core/Src/main.c:429:13:MX_TIM3_Init	32	static
../Core/Src/main.c:474:13:MX_TIM4_Init	48	static
../Core/Src/main.c:531:13:MX_GPIO_Init	40	static
../Core/Src/main.c:589:6:Led_Init	8	static
../Core/Src/main.c:596:6:ControlManual	4	static
../Core/Src/main.c:601:6:ControlAutomatico_Humedad	16	static
../Core/Src/main.c:612:6:ControlAutomatico_Tiempo	4	static
../Core/Src/main.c:617:9:sensorHumedad	16	static
../Core/Src/main.c:631:6:AbrirValvula	8	static
../Core/Src/main.c:635:6:CerrarValvula	8	static
../Core/Src/main.c:639:6:LED_ON_OFF	32	static
../Core/Src/main.c:674:6:WriteRGB	16	static
../Core/Src/main.c:682:6:modoHandler	8	static
../Core/Src/main.c:698:6:menuHandler	152	static
../Core/Src/main.c:908:6:printMenu_Estado	16	static
../Core/Src/main.c:921:6:printMenu_Start	24	static
../Core/Src/main.c:941:6:printMenu_CambioModo	24	static
../Core/Src/main.c:956:6:printSeleccion	24	static
../Core/Src/main.c:972:6:printAlarma	40	static
../Core/Src/main.c:981:6:printCrearAlarma	32	static
../Core/Src/main.c:1000:6:printTime	32	static
../Core/Src/main.c:1005:6:printOK	32	static
../Core/Src/main.c:1009:6:crearAlarma	96	static
../Core/Src/main.c:1145:6:AjustarHumedad	32	static
../Core/Src/main.c:1226:6:HAL_GPIO_EXTI_Callback	16	static
../Core/Src/main.c:1247:6:HAL_RTC_AlarmAEventCallback	16	static
../Core/Src/main.c:1253:6:HAL_TIM_PeriodElapsedCallback	16	static
../Core/Src/main.c:1270:6:nextAlarma	48	static
../Core/Src/main.c:1308:6:Error_Handler	4	static,ignoring_inline_asm
