../Core/Src/main.c:141:5:main	8	static
../Core/Src/main.c:225:6:SystemClock_Config	88	static
../Core/Src/main.c:273:13:MX_ADC1_Init	24	static
../Core/Src/main.c:325:13:MX_RTC_Init	72	static
../Core/Src/main.c:407:13:MX_SPI1_Init	8	static
../Core/Src/main.c:445:13:MX_TIM3_Init	32	static
../Core/Src/main.c:490:13:MX_TIM4_Init	48	static
../Core/Src/main.c:547:13:MX_GPIO_Init	40	static
../Core/Src/main.c:605:6:Led_Init	8	static
../Core/Src/main.c:612:6:ControlManual	4	static
../Core/Src/main.c:617:6:ControlAutomatico_Humedad	16	static
../Core/Src/main.c:628:6:ControlAutomatico_Tiempo	4	static
../Core/Src/main.c:633:9:sensorHumedad	16	static
../Core/Src/main.c:647:6:AbrirValvula	8	static
../Core/Src/main.c:651:6:CerrarValvula	8	static
../Core/Src/main.c:655:6:LED_ON_OFF	32	static
../Core/Src/main.c:690:6:WriteRGB	16	static
../Core/Src/main.c:698:6:modoHandler	8	static
../Core/Src/main.c:714:6:menuHandler	152	static
../Core/Src/main.c:907:6:printMenu_Estado	16	static
../Core/Src/main.c:919:6:printMenu_Start	24	static
../Core/Src/main.c:939:6:printMenu_CambioModo	24	static
../Core/Src/main.c:954:6:printSeleccion	24	static
../Core/Src/main.c:970:6:printAlarma	40	static
../Core/Src/main.c:979:6:printCrearAlarma	32	static
../Core/Src/main.c:998:6:printOK	32	static
../Core/Src/main.c:1002:6:crearAlarma	96	static
../Core/Src/main.c:1138:6:AjustarHumedad	32	static
../Core/Src/main.c:1219:6:HAL_GPIO_EXTI_Callback	16	static
../Core/Src/main.c:1240:6:HAL_RTC_AlarmAEventCallback	16	static
../Core/Src/main.c:1244:6:HAL_TIM_PeriodElapsedCallback	16	static
../Core/Src/main.c:1257:6:nextAlarma	48	static
../Core/Src/main.c:1299:6:Error_Handler	4	static,ignoring_inline_asm
