../Core/Src/main.c:85:5:main	16	static
../Core/Src/main.c:155:6:SystemClock_Config	88	static
../Core/Src/main.c:202:13:MX_ADC1_Init	24	static
../Core/Src/main.c:254:13:MX_TIM4_Init	48	static
../Core/Src/main.c:311:13:MX_GPIO_Init	40	static
../Core/Src/main.c:348:6:Led_Init	8	static
../Core/Src/main.c:355:6:ControlManual	4	static
../Core/Src/main.c:360:6:ControlAutomatico_Humedad	16	static
../Core/Src/main.c:371:6:ControlAutomatico_Tiempo	4	static
../Core/Src/main.c:376:9:sensorHumedad	16	static
../Core/Src/main.c:390:6:AbrirValvula	8	static
../Core/Src/main.c:394:6:CerrarValvula	8	static
../Core/Src/main.c:399:6:HAL_GPIO_EXTI_Callback	16	static
../Core/Src/main.c:422:6:LED_ON_OFF	32	static
../Core/Src/main.c:457:6:WriteRGB	16	static
../Core/Src/main.c:468:6:Error_Handler	4	static,ignoring_inline_asm
