../Core/Src/main.c:138:5:main	8	static
../Core/Src/main.c:196:6:SystemClock_Config	88	static
../Core/Src/main.c:244:13:MX_ADC1_Init	24	static
../Core/Src/main.c:296:13:MX_RTC_Init	72	static
../Core/Src/main.c:378:13:MX_SPI1_Init	8	static
../Core/Src/main.c:416:13:MX_TIM3_Init	32	static
../Core/Src/main.c:461:13:MX_TIM4_Init	48	static
../Core/Src/main.c:518:13:MX_GPIO_Init	40	static
../Core/Src/main.c:576:6:Led_Init	8	static
../Core/Src/main.c:583:6:ControlManual	4	static
../Core/Src/main.c:588:6:ControlAutomatico_Humedad	16	static
../Core/Src/main.c:599:6:ControlAutomatico_Tiempo	4	static
../Core/Src/main.c:604:9:sensorHumedad	16	static
../Core/Src/main.c:618:6:AbrirValvula	8	static
../Core/Src/main.c:622:6:CerrarValvula	8	static
../Core/Src/main.c:626:6:LED_ON_OFF	32	static
../Core/Src/main.c:661:6:WriteRGB	16	static
../Core/Src/main.c:669:6:modoHandler	8	static
../Core/Src/main.c:685:6:menuHandler	152	static
../Core/Src/main.c:901:6:printMenu_Estado	16	static
../Core/Src/main.c:914:6:printMenu_Start	24	static
../Core/Src/main.c:934:6:printMenu_CambioModo	24	static
../Core/Src/main.c:949:6:printSeleccion	24	static
../Core/Src/main.c:965:6:printAlarma	40	static
../Core/Src/main.c:974:6:printCrearAlarma	32	static
../Core/Src/main.c:993:6:printCambiarHora	32	static
../Core/Src/main.c:998:6:printTime	32	static
../Core/Src/main.c:1003:6:printOK	32	static
../Core/Src/main.c:1007:6:crearAlarma	88	static
../Core/Src/main.c:1144:6:CambiarHora	64	static
../Core/Src/main.c:1215:6:AjustarHumedad	32	static
../Core/Src/main.c:1296:6:HAL_GPIO_EXTI_Callback	16	static
../Core/Src/main.c:1317:6:HAL_RTC_AlarmAEventCallback	16	static
../Core/Src/main.c:1323:6:HAL_TIM_PeriodElapsedCallback	16	static
../Core/Src/main.c:1349:6:nextAlarma	48	static
../Core/Src/main.c:1388:6:Error_Handler	4	static,ignoring_inline_asm
